// Bun Snapshot v1, https://goo.gl/fbAQLP

exports[`Tokenizer Snapshot 1`] = `
[
  {
    "position": 0,
    "token": {
      "kind": "string",
      "value": "command",
    },
  },
  {
    "position": 7,
    "token": {
      "kind": "semicolon",
    },
  },
  {
    "position": 8,
    "token": {
      "kind": "string",
      "value": "command",
    },
  },
  {
    "position": 16,
    "token": {
      "kind": "string",
      "value": "strOrLiteral",
    },
  },
  {
    "position": 28,
    "token": {
      "kind": "semicolon",
    },
  },
  {
    "position": 29,
    "token": {
      "kind": "left_paren",
    },
  },
  {
    "position": 30,
    "token": {
      "kind": "string",
      "value": "command",
    },
  },
  {
    "position": 38,
    "token": {
      "kind": "string",
      "value": "strOrLiteral",
    },
  },
  {
    "position": 50,
    "token": {
      "kind": "right_paren",
    },
  },
  {
    "position": 51,
    "token": {
      "kind": "semicolon",
    },
  },
  {
    "position": 52,
    "token": {
      "kind": "string",
      "value": "string",
    },
  },
  {
    "position": 60,
    "token": {
      "kind": "semicolon",
    },
  },
  {
    "position": 61,
    "token": {
      "kind": "string",
      "value": "string",
    },
  },
  {
    "position": 69,
    "token": {
      "kind": "semicolon",
    },
  },
  {
    "position": 70,
    "token": {
      "kind": "string",
      "value": "string still string <>!=|&*/+-;&&||==!=>=<="",
    },
  },
  {
    "position": 116,
    "token": {
      "kind": "semicolon",
    },
  },
  {
    "position": 117,
    "token": {
      "kind": "string",
      "value": "string still string <>!=|&*/+-;&&||==!=>=<='",
    },
  },
  {
    "position": 163,
    "token": {
      "kind": "semicolon",
    },
  },
  {
    "position": 164,
    "token": {
      "kind": "string",
      "value": "command",
    },
  },
  {
    "position": 171,
    "token": {
      "kind": "semicolon",
    },
  },
  {
    "position": 172,
    "token": {
      "kind": "string",
      "value": "command",
    },
  },
  {
    "position": 179,
    "token": {
      "kind": "semicolon",
    },
  },
  {
    "position": 180,
    "token": {
      "kind": "string",
      "value": "command",
    },
  },
  {
    "position": 188,
    "token": {
      "kind": "string",
      "value": "strOrLiteral",
    },
  },
  {
    "position": 200,
    "token": {
      "kind": "semicolon",
    },
  },
  {
    "position": 201,
    "token": {
      "kind": "string",
      "value": "command",
    },
  },
  {
    "position": 209,
    "token": {
      "kind": "string",
      "value": "strOrLiteral",
    },
  },
  {
    "position": 221,
    "token": {
      "kind": "semicolon",
    },
  },
  {
    "position": 222,
    "token": {
      "kind": "string",
      "value": "command",
    },
  },
  {
    "position": 230,
    "token": {
      "kind": "and",
    },
  },
  {
    "position": 233,
    "token": {
      "kind": "string",
      "value": "command",
    },
  },
  {
    "position": 240,
    "token": {
      "kind": "semicolon",
    },
  },
  {
    "position": 241,
    "token": {
      "kind": "string",
      "value": "command",
    },
  },
  {
    "position": 249,
    "token": {
      "kind": "string",
      "value": "strOrLiteral",
    },
  },
  {
    "position": 262,
    "token": {
      "kind": "and",
    },
  },
  {
    "position": 265,
    "token": {
      "kind": "string",
      "value": "command",
    },
  },
  {
    "position": 273,
    "token": {
      "kind": "string",
      "value": "strOrLiteral",
    },
  },
  {
    "position": 285,
    "token": {
      "kind": "semicolon",
    },
  },
  {
    "position": 286,
    "token": {
      "kind": "string",
      "value": "command",
    },
  },
  {
    "position": 294,
    "token": {
      "kind": "or",
    },
  },
  {
    "position": 297,
    "token": {
      "kind": "string",
      "value": "command",
    },
  },
  {
    "position": 304,
    "token": {
      "kind": "semicolon",
    },
  },
  {
    "position": 305,
    "token": {
      "kind": "string",
      "value": "command",
    },
  },
  {
    "position": 313,
    "token": {
      "kind": "string",
      "value": "strOrLiteral",
    },
  },
  {
    "position": 326,
    "token": {
      "kind": "or",
    },
  },
  {
    "position": 329,
    "token": {
      "kind": "string",
      "value": "command",
    },
  },
  {
    "position": 337,
    "token": {
      "kind": "string",
      "value": "strOrLiteral",
    },
  },
  {
    "position": 349,
    "token": {
      "kind": "semicolon",
    },
  },
  {
    "position": 350,
    "token": {
      "kind": "string",
      "value": "command",
    },
  },
  {
    "position": 358,
    "token": {
      "kind": "pipe",
    },
  },
  {
    "position": 360,
    "token": {
      "kind": "string",
      "value": "command",
    },
  },
  {
    "position": 367,
    "token": {
      "kind": "semicolon",
    },
  },
  {
    "position": 368,
    "token": {
      "kind": "string",
      "value": "command",
    },
  },
  {
    "position": 376,
    "token": {
      "kind": "string",
      "value": "strOrLiteral",
    },
  },
  {
    "position": 389,
    "token": {
      "kind": "pipe",
    },
  },
  {
    "position": 391,
    "token": {
      "kind": "string",
      "value": "command",
    },
  },
  {
    "position": 399,
    "token": {
      "kind": "string",
      "value": "strOrLiteral",
    },
  },
  {
    "position": 411,
    "token": {
      "kind": "semicolon",
    },
  },
]
`;
