// Bun Snapshot v1, https://goo.gl/fbAQLP

exports[`Tokenizer Snapshot 1`] = `
{
  "newlines": [
    0,
    7,
    28,
    51,
    60,
    69,
    116,
    163,
    179,
    221,
    240,
    285,
    304,
    349,
    367,
    411,
  ],
  "spans": [
    {
      "sourcePosition": [
        0,
        7,
      ],
      "token": {
        "kind": "string",
        "value": "command",
      },
    },
    {
      "sourcePosition": [
        7,
        8,
      ],
      "token": {
        "kind": "semicolon",
      },
    },
    {
      "sourcePosition": [
        8,
        15,
      ],
      "token": {
        "kind": "string",
        "value": "command",
      },
    },
    {
      "sourcePosition": [
        16,
        28,
      ],
      "token": {
        "kind": "string",
        "value": "strOrLiteral",
      },
    },
    {
      "sourcePosition": [
        28,
        29,
      ],
      "token": {
        "kind": "semicolon",
      },
    },
    {
      "sourcePosition": [
        29,
        30,
      ],
      "token": {
        "kind": "left_paren",
      },
    },
    {
      "sourcePosition": [
        30,
        37,
      ],
      "token": {
        "kind": "string",
        "value": "command",
      },
    },
    {
      "sourcePosition": [
        38,
        50,
      ],
      "token": {
        "kind": "string",
        "value": "strOrLiteral",
      },
    },
    {
      "sourcePosition": [
        50,
        51,
      ],
      "token": {
        "kind": "right_paren",
      },
    },
    {
      "sourcePosition": [
        51,
        52,
      ],
      "token": {
        "kind": "semicolon",
      },
    },
    {
      "sourcePosition": [
        52,
        60,
      ],
      "token": {
        "kind": "string",
        "value": "string",
      },
    },
    {
      "sourcePosition": [
        60,
        61,
      ],
      "token": {
        "kind": "semicolon",
      },
    },
    {
      "sourcePosition": [
        61,
        69,
      ],
      "token": {
        "kind": "string",
        "value": "string",
      },
    },
    {
      "sourcePosition": [
        69,
        70,
      ],
      "token": {
        "kind": "semicolon",
      },
    },
    {
      "sourcePosition": [
        70,
        116,
      ],
      "token": {
        "kind": "string",
        "value": "string still string <>!=|&*/+-;&&||==!=>=<="",
      },
    },
    {
      "sourcePosition": [
        116,
        117,
      ],
      "token": {
        "kind": "semicolon",
      },
    },
    {
      "sourcePosition": [
        117,
        163,
      ],
      "token": {
        "kind": "string",
        "value": "string still string <>!=|&*/+-;&&||==!=>=<='",
      },
    },
    {
      "sourcePosition": [
        163,
        164,
      ],
      "token": {
        "kind": "semicolon",
      },
    },
    {
      "sourcePosition": [
        164,
        171,
      ],
      "token": {
        "kind": "string",
        "value": "command",
      },
    },
    {
      "sourcePosition": [
        171,
        172,
      ],
      "token": {
        "kind": "semicolon",
      },
    },
    {
      "sourcePosition": [
        172,
        179,
      ],
      "token": {
        "kind": "string",
        "value": "command",
      },
    },
    {
      "sourcePosition": [
        179,
        180,
      ],
      "token": {
        "kind": "semicolon",
      },
    },
    {
      "sourcePosition": [
        180,
        187,
      ],
      "token": {
        "kind": "string",
        "value": "command",
      },
    },
    {
      "sourcePosition": [
        188,
        200,
      ],
      "token": {
        "kind": "string",
        "value": "strOrLiteral",
      },
    },
    {
      "sourcePosition": [
        200,
        201,
      ],
      "token": {
        "kind": "semicolon",
      },
    },
    {
      "sourcePosition": [
        201,
        208,
      ],
      "token": {
        "kind": "string",
        "value": "command",
      },
    },
    {
      "sourcePosition": [
        209,
        221,
      ],
      "token": {
        "kind": "string",
        "value": "strOrLiteral",
      },
    },
    {
      "sourcePosition": [
        221,
        222,
      ],
      "token": {
        "kind": "semicolon",
      },
    },
    {
      "sourcePosition": [
        222,
        229,
      ],
      "token": {
        "kind": "string",
        "value": "command",
      },
    },
    {
      "sourcePosition": [
        230,
        232,
      ],
      "token": {
        "kind": "and",
      },
    },
    {
      "sourcePosition": [
        233,
        240,
      ],
      "token": {
        "kind": "string",
        "value": "command",
      },
    },
    {
      "sourcePosition": [
        240,
        241,
      ],
      "token": {
        "kind": "semicolon",
      },
    },
    {
      "sourcePosition": [
        241,
        248,
      ],
      "token": {
        "kind": "string",
        "value": "command",
      },
    },
    {
      "sourcePosition": [
        249,
        261,
      ],
      "token": {
        "kind": "string",
        "value": "strOrLiteral",
      },
    },
    {
      "sourcePosition": [
        262,
        264,
      ],
      "token": {
        "kind": "and",
      },
    },
    {
      "sourcePosition": [
        265,
        272,
      ],
      "token": {
        "kind": "string",
        "value": "command",
      },
    },
    {
      "sourcePosition": [
        273,
        285,
      ],
      "token": {
        "kind": "string",
        "value": "strOrLiteral",
      },
    },
    {
      "sourcePosition": [
        285,
        286,
      ],
      "token": {
        "kind": "semicolon",
      },
    },
    {
      "sourcePosition": [
        286,
        293,
      ],
      "token": {
        "kind": "string",
        "value": "command",
      },
    },
    {
      "sourcePosition": [
        294,
        296,
      ],
      "token": {
        "kind": "or",
      },
    },
    {
      "sourcePosition": [
        297,
        304,
      ],
      "token": {
        "kind": "string",
        "value": "command",
      },
    },
    {
      "sourcePosition": [
        304,
        305,
      ],
      "token": {
        "kind": "semicolon",
      },
    },
    {
      "sourcePosition": [
        305,
        312,
      ],
      "token": {
        "kind": "string",
        "value": "command",
      },
    },
    {
      "sourcePosition": [
        313,
        325,
      ],
      "token": {
        "kind": "string",
        "value": "strOrLiteral",
      },
    },
    {
      "sourcePosition": [
        326,
        328,
      ],
      "token": {
        "kind": "or",
      },
    },
    {
      "sourcePosition": [
        329,
        336,
      ],
      "token": {
        "kind": "string",
        "value": "command",
      },
    },
    {
      "sourcePosition": [
        337,
        349,
      ],
      "token": {
        "kind": "string",
        "value": "strOrLiteral",
      },
    },
    {
      "sourcePosition": [
        349,
        350,
      ],
      "token": {
        "kind": "semicolon",
      },
    },
    {
      "sourcePosition": [
        350,
        357,
      ],
      "token": {
        "kind": "string",
        "value": "command",
      },
    },
    {
      "sourcePosition": [
        358,
        359,
      ],
      "token": {
        "kind": "pipe",
      },
    },
    {
      "sourcePosition": [
        360,
        367,
      ],
      "token": {
        "kind": "string",
        "value": "command",
      },
    },
    {
      "sourcePosition": [
        367,
        368,
      ],
      "token": {
        "kind": "semicolon",
      },
    },
    {
      "sourcePosition": [
        368,
        375,
      ],
      "token": {
        "kind": "string",
        "value": "command",
      },
    },
    {
      "sourcePosition": [
        376,
        388,
      ],
      "token": {
        "kind": "string",
        "value": "strOrLiteral",
      },
    },
    {
      "sourcePosition": [
        389,
        390,
      ],
      "token": {
        "kind": "pipe",
      },
    },
    {
      "sourcePosition": [
        391,
        398,
      ],
      "token": {
        "kind": "string",
        "value": "command",
      },
    },
    {
      "sourcePosition": [
        399,
        411,
      ],
      "token": {
        "kind": "string",
        "value": "strOrLiteral",
      },
    },
    {
      "sourcePosition": [
        411,
        412,
      ],
      "token": {
        "kind": "semicolon",
      },
    },
  ],
}
`;
